Resource Report
Microsemi Corporation - Microsemi Libero Software Release v11.7 SP1.1 (Version 11.7.1.14)
Date: Thu May 25 15:39:34 2017

Device Selection
+--------------------------------+----------------+
| Family                         | SmartFusion2   |
| Device                         | M2S090TS       |
| Package                        | 484 FBGA       |
| Speed Grade                    | -1             |
| Temp                           | 0:25:85        |
| Voltage                        | 1.26:1.20:1.14 |
| Core Voltage                   | 1.2V           |
| Ramp Rate                      | 100ms Minimum  |
| System Controller Suspend Mode | No             |
| PLL Supply Voltage             | 2.5V           |
| Default I/O technology         | LVCMOS 2.5V    |
| Restrict Probe Pins            | Yes            |
| Restrict SPI Pins              | No             |
+--------------------------------+----------------+

Source Files
+---------+----------------------------------------------------------------------------------+
| Topcell | CertificationSystem                                                              |
| Format  | EDIF                                                                             |
| Source  | E:\LiberoProjects\CertificationSystem_M2S090TS\synthesis\CertificationSystem.edn |
+---------+----------------------------------------------------------------------------------+

Options
+----------------------------------------------------+-------+
| Enable Single Event Transient mitigation           | false |
| Enable Design Separation Methodology               | false |
| Limit the number of high fanout nets to display to | 10    |
+----------------------------------------------------+-------+

Resource Usage
+---------------------------+------+-------+------------+
| Type                      | Used | Total | Percentage |
+---------------------------+------+-------+------------+
| 4LUT                      | 2163 | 86184 | 2.51       |
| DFF                       | 1267 | 86184 | 1.47       |
| I/O Register              | 0    | 801   | 0.00       |
| User I/O                  | 7    | 267   | 2.62       |
| -- Single-ended I/O       | 7    | 267   | 2.62       |
| -- Differential I/O Pairs | 0    | 133   | 0.00       |
| RAM64x18                  | 0    | 112   | 0.00       |
| RAM1K18                   | 32   | 109   | 29.36      |
| MACC                      | 0    | 84    | 0.00       |
| Chip Globals              | 2    | 16    | 12.50      |
| CCC                       | 1    | 6     | 16.67      |
| RCOSC_25_50MHZ            | 1    | 1     | 100.00     |
| RCOSC_1MHZ                | 0    | 1     | 0.00       |
| XTLOSC                    | 0    | 1     | 0.00       |
| SERDESIF Blocks           | 0    | 1     | 0.00       |
| -- SERDESIF Lanes         | 0    | 4     | 0.00       |
| MSS                       | 1    | 1     | 100.00     |
+---------------------------+------+-------+------------+

Detailed Logic Resource Usage
+--------------------------+------+------+
| Type                     | 4LUT | DFF  |
+--------------------------+------+------+
| Fabric Logic             | 1011 | 115  |
| RAM64x18 Interface Logic | 0    | 0    |
| RAM1K18 Interface Logic  | 1152 | 1152 |
| MACC Interface Logic     | 0    | 0    |
| Total Used               | 2163 | 1267 |
+--------------------------+------+------+

MSS Resource Usage
+---------------+------+-------+
| Type          | Used | Total |
+---------------+------+-------+
| Cortex-M3*    | 1    | 1     |
| eNVM (512KB)* | 1    | 1     |
| eSRAM*        | 2    | 2     |
| TIMER*        | 2    | 2     |
| CAN           | 0    | 1     |
| SPI           | 1    | 2     |
| I2C           | 0    | 2     |
| UART          | 1    | 2     |
| USB           | 0    | 1     |
| MAC           | 0    | 1     |
| MDDR          | 0    | 1     |
| HPDMA         | 0    | 1     |
| PDMA          | 1    | 1     |
+---------------+------+-------+

* These resources are always marked as used when you are using the MSS

I/O Function
+-------------------------------+--------------+-------------+-----------------+
| Type                          | w/o register | w/ register | w/ DDR register |
+-------------------------------+--------------+-------------+-----------------+
| Input I/O                     | 2            | 0           | 0               |
| Output I/O                    | 3            | 0           | 0               |
| Bidirectional I/O             | 2            | 0           | 0               |
| Differential Input I/O Pairs  | 0            | 0           | 0               |
| Differential Output I/O Pairs | 0            | 0           | 0               |
+-------------------------------+--------------+-------------+-----------------+

I/O Technology
+--------------+--------+------+-------+--------+---------------+
| I/O Standard | Vddi   | Vref | Input | Output | Bidirectional |
+--------------+--------+------+-------+--------+---------------+
| LVCMOS25     |  2.50v |  N/A |  2    |  3     |  2            |
+--------------+--------+------+-------+--------+---------------+

I/O Placement
+----------+-------+------------+
| Type     | Count | Percentage |
+----------+-------+------------+
| Locked   |  6    | 85.71%     |
| Placed   |  0    | 0.00%      |
| UnPlaced |  1    | 14.29%     |
+----------+-------+------------+

Nets assigned to chip global resources
+--------+---------+----------------------------------------------------------------------------------+
| Fanout | Type    | Name                                                                             |
+--------+---------+----------------------------------------------------------------------------------+
| 180    | INT_NET | Net   : CertificationSystem_sb_0/FAB_CCC_GL0                                     |
|        |         | Driver: CertificationSystem_sb_0/CCC_0/GL0_INST/U0_RGB1                          |
|        |         | Source: NETLIST                                                                  |
| 170    | INT_NET | Net   : CertificationSystem_sb_0/MSS_READY                                       |
|        |         | Driver: CertificationSystem_sb_0/CORERESETP_0/MSS_HPMS_READY_int_RNIRS5B/U0_RGB1 |
|        |         | Source: NETLIST                                                                  |
+--------+---------+----------------------------------------------------------------------------------+

Nets assigned to row global resources
+--------+------+------+
| Fanout | Type | Name |
+--------+------+------+
+--------+------+------+

High fanout nets
+--------+---------+--------------------------------------------------------------------------------------------------------------------+
| Fanout | Type    | Name                                                                                                               |
+--------+---------+--------------------------------------------------------------------------------------------------------------------+
| 533    | INT_NET | Net   : CertificationSystem_sb_0/COREAHBLSRAM_0_0/ahbsram_addr[14]                                                 |
|        |         | Driver: CertificationSystem_sb_0/COREAHBLSRAM_0_0/U_CertificationSystem_sb_COREAHBLSRAM_0_0_AHBLSramIf/HADDR_d[14] |
| 373    | INT_NET | Net   : CertificationSystem_sb_0/COREAHBLSRAM_0_0/ahbsram_addr[15]                                                 |
|        |         | Driver: CertificationSystem_sb_0/COREAHBLSRAM_0_0/U_CertificationSystem_sb_COREAHBLSRAM_0_0_AHBLSramIf/HADDR_d[15] |
| 149    | INT_NET | Net   : CertificationSystem_sb_0/COREAHBLSRAM_0_0/ahbsram_addr[11]                                                 |
|        |         | Driver: CertificationSystem_sb_0/COREAHBLSRAM_0_0/U_CertificationSystem_sb_COREAHBLSRAM_0_0_AHBLSramIf/HADDR_d[11] |
| 146    | INT_NET | Net   : CertificationSystem_sb_0/COREAHBLSRAM_0_0/ahbsram_addr[12]                                                 |
|        |         | Driver: CertificationSystem_sb_0/COREAHBLSRAM_0_0/U_CertificationSystem_sb_COREAHBLSRAM_0_0_AHBLSramIf/HADDR_d[12] |
| 78     | INT_NET | Net   : CertificationSystem_sb_0/COREAHBLSRAM_0_0/ahbsram_addr[13]                                                 |
|        |         | Driver: CertificationSystem_sb_0/COREAHBLSRAM_0_0/U_CertificationSystem_sb_COREAHBLSRAM_0_0_AHBLSramIf/HADDR_d[13] |
| 64     | INT_NET | Net   : CertificationSystem_sb_0/COREAHBLSRAM_0_0/ahbsram_addr[2]                                                  |
|        |         | Driver: CertificationSystem_sb_0/COREAHBLSRAM_0_0/U_CertificationSystem_sb_COREAHBLSRAM_0_0_AHBLSramIf/HADDR_d[2]  |
| 64     | INT_NET | Net   : CertificationSystem_sb_0/COREAHBLSRAM_0_0/ahbsram_addr[3]                                                  |
|        |         | Driver: CertificationSystem_sb_0/COREAHBLSRAM_0_0/U_CertificationSystem_sb_COREAHBLSRAM_0_0_AHBLSramIf/HADDR_d[3]  |
| 64     | INT_NET | Net   : CertificationSystem_sb_0/COREAHBLSRAM_0_0/ahbsram_addr[4]                                                  |
|        |         | Driver: CertificationSystem_sb_0/COREAHBLSRAM_0_0/U_CertificationSystem_sb_COREAHBLSRAM_0_0_AHBLSramIf/HADDR_d[4]  |
| 64     | INT_NET | Net   : CertificationSystem_sb_0/COREAHBLSRAM_0_0/ahbsram_addr[5]                                                  |
|        |         | Driver: CertificationSystem_sb_0/COREAHBLSRAM_0_0/U_CertificationSystem_sb_COREAHBLSRAM_0_0_AHBLSramIf/HADDR_d[5]  |
| 64     | INT_NET | Net   : CertificationSystem_sb_0/COREAHBLSRAM_0_0/ahbsram_addr[6]                                                  |
|        |         | Driver: CertificationSystem_sb_0/COREAHBLSRAM_0_0/U_CertificationSystem_sb_COREAHBLSRAM_0_0_AHBLSramIf/HADDR_d[6]  |
+--------+---------+--------------------------------------------------------------------------------------------------------------------+

High fanout nets (through buffer trees)
+--------+---------+--------------------------------------------------------------------------------------------------------------------+
| Fanout | Type    | Name                                                                                                               |
+--------+---------+--------------------------------------------------------------------------------------------------------------------+
| 533    | INT_NET | Net   : CertificationSystem_sb_0/COREAHBLSRAM_0_0/ahbsram_addr[14]                                                 |
|        |         | Driver: CertificationSystem_sb_0/COREAHBLSRAM_0_0/U_CertificationSystem_sb_COREAHBLSRAM_0_0_AHBLSramIf/HADDR_d[14] |
| 373    | INT_NET | Net   : CertificationSystem_sb_0/COREAHBLSRAM_0_0/ahbsram_addr[15]                                                 |
|        |         | Driver: CertificationSystem_sb_0/COREAHBLSRAM_0_0/U_CertificationSystem_sb_COREAHBLSRAM_0_0_AHBLSramIf/HADDR_d[15] |
| 149    | INT_NET | Net   : CertificationSystem_sb_0/COREAHBLSRAM_0_0/ahbsram_addr[11]                                                 |
|        |         | Driver: CertificationSystem_sb_0/COREAHBLSRAM_0_0/U_CertificationSystem_sb_COREAHBLSRAM_0_0_AHBLSramIf/HADDR_d[11] |
| 146    | INT_NET | Net   : CertificationSystem_sb_0/COREAHBLSRAM_0_0/ahbsram_addr[12]                                                 |
|        |         | Driver: CertificationSystem_sb_0/COREAHBLSRAM_0_0/U_CertificationSystem_sb_COREAHBLSRAM_0_0_AHBLSramIf/HADDR_d[12] |
| 78     | INT_NET | Net   : CertificationSystem_sb_0/COREAHBLSRAM_0_0/ahbsram_addr[13]                                                 |
|        |         | Driver: CertificationSystem_sb_0/COREAHBLSRAM_0_0/U_CertificationSystem_sb_COREAHBLSRAM_0_0_AHBLSramIf/HADDR_d[13] |
| 64     | INT_NET | Net   : CertificationSystem_sb_0/COREAHBLSRAM_0_0/ahbsram_addr[2]                                                  |
|        |         | Driver: CertificationSystem_sb_0/COREAHBLSRAM_0_0/U_CertificationSystem_sb_COREAHBLSRAM_0_0_AHBLSramIf/HADDR_d[2]  |
| 64     | INT_NET | Net   : CertificationSystem_sb_0/COREAHBLSRAM_0_0/ahbsram_addr[3]                                                  |
|        |         | Driver: CertificationSystem_sb_0/COREAHBLSRAM_0_0/U_CertificationSystem_sb_COREAHBLSRAM_0_0_AHBLSramIf/HADDR_d[3]  |
| 64     | INT_NET | Net   : CertificationSystem_sb_0/COREAHBLSRAM_0_0/ahbsram_addr[4]                                                  |
|        |         | Driver: CertificationSystem_sb_0/COREAHBLSRAM_0_0/U_CertificationSystem_sb_COREAHBLSRAM_0_0_AHBLSramIf/HADDR_d[4]  |
| 64     | INT_NET | Net   : CertificationSystem_sb_0/COREAHBLSRAM_0_0/ahbsram_addr[5]                                                  |
|        |         | Driver: CertificationSystem_sb_0/COREAHBLSRAM_0_0/U_CertificationSystem_sb_COREAHBLSRAM_0_0_AHBLSramIf/HADDR_d[5]  |
| 64     | INT_NET | Net   : CertificationSystem_sb_0/COREAHBLSRAM_0_0/ahbsram_addr[6]                                                  |
|        |         | Driver: CertificationSystem_sb_0/COREAHBLSRAM_0_0/U_CertificationSystem_sb_COREAHBLSRAM_0_0_AHBLSramIf/HADDR_d[6]  |
+--------+---------+--------------------------------------------------------------------------------------------------------------------+

