*****************************************************************
Pin Report - Date: Thu May 25 15:41:51 2017 Pinchecksum: NOT-AVAILABLE
Product: Designer
Release: v11.7 SP1.1
Version: 11.7.1.14
Design Name: CertificationSystem
Family: SmartFusion2
Die: M2S090TS
Package: 484 FBGA
*****************************************************************

Port         |Pin |Fixed |Function                                     |Bank     |I/O Std   |Direction                      |I/O state in Flash*Freeze mode |Resistor Pull                      |I/O available in Flash*Freeze mode |Schmitt Trigger |Odt_Static    |Odt Imp (Ohm)  |Low Power Exit |Input Delay |Slew         |Pre-Emphasis      |Output Drive (mA) |Output Load (pF) |
-------------|----|------|---------------------------------------------|---------|----------|-------------------------------|-------------------------------|-----------------------------------|-----------------------------------|----------------|--------------|---------------|---------------|------------|-------------|------------------|------------------|-----------------|
DEVRST_N      R15  Fixed  DEVRST_N                                      ---       
GPIO_0_M2F    H5   Yes    MSIO150NB8                                    Bank8     LVCMOS25   Output                          TRISTATE                        None                                No                                  ---              ---            ---             ---             ---          SLOW          ---                4                  5                 
MMUART_1_RXD  G18  Yes    MSIO55NB2/MMUART_1_RXD/GPIO_26_B/USB_DATA3_C  Bank2     LVCMOS25   Input                           TRISTATE                        None                                No                                  Off              ---            ---             Off             Off          ---           ---                ---                ---               
MMUART_1_TXD  H19  Yes    MSIO54NB2/MMUART_1_TXD/GPIO_24_B/USB_DATA2_C  Bank2     LVCMOS25   Output                          TRISTATE                        None                                No                                  ---              ---            ---             ---             ---          SLOW          ---                4                  5                 
SPI_0_CLK     N19  Yes    MSIO12PB3/SPI_0_CLK/USB_XCLK_A                Bank3     LVCMOS25   Inout                           TRISTATE                        None                                No                                  Off              ---            ---             Off             Off          SLOW          ---                4                  5                 
SPI_0_DI      N20  Yes    MSIO12NB3/SPI_0_SDI/GPIO_5_A/USB_DIR_A        Bank3     LVCMOS25   Input                           TRISTATE                        None                                No                                  Off              ---            ---             Off             Off          ---           ---                ---                ---               
SPI_0_DO      N21  Yes    MSIO13PB3/SPI_0_SDO/GPIO_6_A/USB_STP_A        Bank3     LVCMOS25   Output                          TRISTATE                        None                                No                                  ---              ---            ---             ---             ---          SLOW          ---                4                  5                 
SPI_0_SS0     N22  Yes    MSIO13NB3/SPI_0_SS0/GPIO_7_A/USB_NXT_A        Bank3     LVCMOS25   Inout                           TRISTATE                        None                                No                                  Off              ---            ---             Off             Off          SLOW          ---                4                  5                 
