

#### START OF CLOCK OPTIMIZATION REPORT #####[

Clock optimization not enabled
1 non-gated/non-generated clock tree(s) driving 391 clock pin(s) of sequential element(s)
0 gated/generated clock tree(s) driving 0 clock pin(s) of sequential element(s)
0 instances converted, 0 sequential instances remain driven by gated/generated clocks

========================================================= Non-Gated/Non-Generated Clocks =========================================================
Clock Tree ID     Driving Element                       Drive Element Type     Fanout     Sample Instance                                         
--------------------------------------------------------------------------------------------------------------------------------------------------
@K:CKID0001       sha256_system_sb_0.CCC_0.GL0_INST     CLKINT                 391        sha256_system_sb_0.sha256_system_sb_MSS_0.MSS_ADLIB_INST
==================================================================================================================================================


##### END OF CLOCK OPTIMIZATION REPORT ######]

