

#### START OF CLOCK OPTIMIZATION REPORT #####[

Clock optimization not enabled
1 non-gated/non-generated clock tree(s) driving 2032 clock pin(s) of sequential element(s)
1 gated/generated clock tree(s) driving 1 clock pin(s) of sequential element(s)
0 instances converted, 1 sequential instance remains driven by gated/generated clocks

========================================================= Non-Gated/Non-Generated Clocks =========================================================
Clock Tree ID     Driving Element                       Drive Element Type     Fanout     Sample Instance                                         
--------------------------------------------------------------------------------------------------------------------------------------------------
@K:CKID0002       sha256_system_sb_0.CCC_0.GL0_INST     CLKINT                 2032       sha256_system_sb_0.sha256_system_sb_MSS_0.MSS_ADLIB_INST
==================================================================================================================================================
================================================================================================================= Gated/Generated Clocks =================================================================================================================
Clock Tree ID     Driving Element                                                              Drive Element Type     Fanout     Sample Instance                                                   Explanation                                            
----------------------------------------------------------------------------------------------------------------------------------------------------------------------------------------------------------------------------------------------------------
@K:CKID0001       SHA256_Module_0.SHA256_BLOCK_0.sha256_controller_0.un1_state_2_0_a3_0_a2     CFG2                   1          SHA256_Module_0.SHA256_BLOCK_0.sha256_controller_0.bytes_o[0]     No gated clock conversion method for cell cell:ACG4.SLE
==========================================================================================================================================================================================================================================================


##### END OF CLOCK OPTIMIZATION REPORT ######]

