*****************************************************************
Pin Report - Date: Tue May 23 16:30:16 2017 Pinchecksum: NOT-AVAILABLE
Product: Designer
Release: v11.7 SP1.1
Version: 11.7.1.14
Design Name: sha256_system
Family: SmartFusion2
Die: M2S060T
Package: 484 FBGA
*****************************************************************

Port       |Pin |Fixed |Function                                               |Bank     |I/O Std   |Direction                      |I/O state in Flash*Freeze mode |Resistor Pull                      |I/O available in Flash*Freeze mode |Schmitt Trigger |Odt_Static    |Odt Imp (Ohm)  |Low Power Exit |Input Delay |Slew         |Pre-Emphasis      |Output Drive (mA) |Output Load (pF) |
-----------|----|------|-------------------------------------------------------|---------|----------|-------------------------------|-------------------------------|-----------------------------------|-----------------------------------|----------------|--------------|---------------|---------------|------------|-------------|------------------|------------------|-----------------|
DEVRST_N    R15  Fixed  DEVRST_N                                                ---       
GPIO_0_OUT  P22  Yes    MSIO11PB4/I2C_1_SDA/GPIO_0_A/USB_DATA3_A/CCC_NE0_CLKI0  Bank4     LVCMOS25   Output                          TRISTATE                        None                                No                                  ---              ---            ---             ---             ---          SLOW          ---                4                  5                 
